// Jest Snapshot v1, https://goo.gl/fbAQLP

exports[`Header.tsx renders without crashing 1`] = `ShallowWrapper {}`;
