// Jest Snapshot v1, https://goo.gl/fbAQLP

exports[`Layout.tsx renders without crashing 1`] = `ShallowWrapper {}`;
