// Jest Snapshot v1, https://goo.gl/fbAQLP

exports[`Button.tsx renders without crashing 1`] = `ShallowWrapper {}`;
