// Jest Snapshot v1, https://goo.gl/fbAQLP

exports[`CreateSession.tsx renders correctly CreateSession 1`] = `
<Layout>
  <ForwardRef
    destroyOnUnmount={true}
    enableReinitialize={false}
    forceUnregisterOnUnmount={false}
    form="createSessionForm"
    getFormState={[Function]}
    keepDirtyOnReinitialize={false}
    onSubmit={[Function]}
    persistentSubmitErrors={false}
    pure={true}
    shouldAsyncValidate={[Function]}
    shouldError={[Function]}
    shouldValidate={[Function]}
    shouldWarn={[Function]}
    submitAsSideEffect={false}
    touchOnBlur={true}
    touchOnChange={false}
    updateUnregisteredFields={false}
  />
</Layout>
`;
